This is pdfTeXk, Version 3.141592-1.40.3 (Web2C 7.5.6) (format=latex 2008.11.7)  16 NOV 2008 18:35
entering extended mode
 %&-line parsing enabled.
**particleidentification_only.tex
(./particleidentification_only.tex
LaTeX2e <2005/12/01>
Babel <v3.8h> and hyphenation patterns for english, usenglishmax, dumylang, noh
yphenation, croatian, ukrainian, russian, bulgarian, czech, slovak, danish, dut
ch, finnish, basque, french, german, ngerman, ibycus, greek, monogreek, ancient
greek, hungarian, italian, latin, mongolian, norsk, icelandic, interlingua, tur
kish, coptic, romanian, welsh, serbian, slovenian, estonian, esperanto, upperso
rbian, indonesian, polish, portuguese, spanish, catalan, galician, swedish, loa
ded.
(/usr/share/texmf-texlive/tex/latex/revtex/revtex4.cls
Document Class: revtex4 2001/08/02 v4.0 (http://publish.aps.org/revtex4/ for do
cumentation)
 Copyright (c) 2001 The American Physical Society.
 mailto:revtex@aps.org
 Licensed under the LPPL:
http://www.ctan.org/tex-archive/macros/latex/base/lppl.txt
 Arthur Ogawa <ogawa@teleport.com>
 Based on work by David Carlisle <david@dcarlisle.demon.co.uk>.
ltxutil: portions licensed from W. E. Baxter (web@superscript.com)
Class revtex4 Info: Repairing broken LateX \@sect on input line 596.
\intertabularlinepenalty=\count79
\@tbpen=\count80
\@arstrutbox@hline=\box26
Class revtex4 Info: Repairing broken LaTeX \@xbitor on input line 1610.
ltxgrid: portions licensed from W. E. Baxter (web@superscript.com)
\c@linecount=\count81
\output=\toks14
\@protection@box=\box27
\@topmark@saved=\toks15
\footins@saved=\box28
\pagesofar=\box29
\footbox=\box30
\pagegrid@col=\count82
Class revtex4 Info: Incorporating package {textcase}  [1998/11/12 v0.06 Text on
ly upper/lower case changing (DPC)]. on input line 3682.
(/usr/share/texmf-texlive/tex/latex/ltxmisc/url.sty
\Urlmuskip=\muskip10
Package: url 2005/06/27  ver 3.2  Verb mode for urls, etc.
)
\c@affil=\count83
\absbox=\box31
\c@part=\count84
\c@section=\count85
\c@subsection=\count86
\c@subsubsection=\count87
\c@paragraph=\count88
\c@subparagraph=\count89
\abovecaptionskip=\skip41
\belowcaptionskip=\skip42
\c@figure=\count90
\c@table=\count91

(/usr/share/texmf-texlive/tex/latex/natbib/natbib.sty
Package: natbib 2007/02/05 8.0 (PWD)
\bibhang=\skip43
\bibsep=\skip44
LaTeX Info: Redefining \cite on input line 602.
\c@NAT@ctr=\count92
)
\widetext@top=\box32
\widetext@bot=\box33

(/usr/share/texmf-texlive/tex/latex/revtex/revsymb.sty
Package: revsymb 2001/08/02 v4.0 (http://publish.aps.org/revtex4/ for documenta
tion)
LaTeX Info: Redefining \REV@mathfrak on input line 118.
))
(/usr/share/texmf-texlive/tex/latex/amsfonts/amssymb.sty
Package: amssymb 2002/01/22 v2.2d

(/usr/share/texmf-texlive/tex/latex/amsfonts/amsfonts.sty
Package: amsfonts 2001/10/25 v2.2f
\@emptytoks=\toks16
\symAMSa=\mathgroup4
\symAMSb=\mathgroup5
LaTeX Font Info:    Overwriting math alphabet `\mathfrak' in version `bold'
(Font)                  U/euf/m/n --> U/euf/b/n on input line 132.
LaTeX Info: Redefining \frak on input line 135.
LaTeX Info: Redefining \Bbb on input line 137.
))
(/usr/share/texmf-texlive/tex/latex/amsmath/amsmath.sty
Package: amsmath 2000/07/18 v2.13 AMS math features
\@mathmargin=\skip45

For additional information on amsmath, use the `?' option.
(/usr/share/texmf-texlive/tex/latex/amsmath/amstext.sty
Package: amstext 2000/06/29 v2.01

(/usr/share/texmf-texlive/tex/latex/amsmath/amsgen.sty
File: amsgen.sty 1999/11/30 v2.0
\@emptytoks=\toks17
\ex@=\dimen102
))
(/usr/share/texmf-texlive/tex/latex/amsmath/amsbsy.sty
Package: amsbsy 1999/11/29 v1.2d
\pmbraise@=\dimen103
)
(/usr/share/texmf-texlive/tex/latex/amsmath/amsopn.sty
Package: amsopn 1999/12/14 v2.01 operator names
)
\inf@bad=\count93
LaTeX Info: Redefining \frac on input line 211.
\uproot@=\count94
\leftroot@=\count95
LaTeX Info: Redefining \overline on input line 307.
\classnum@=\count96
\DOTSCASE@=\count97
LaTeX Info: Redefining \ldots on input line 379.
LaTeX Info: Redefining \dots on input line 382.
LaTeX Info: Redefining \cdots on input line 467.
\Mathstrutbox@=\box34
\strutbox@=\box35
\big@size=\dimen104
LaTeX Font Info:    Redeclaring font encoding OML on input line 567.
LaTeX Font Info:    Redeclaring font encoding OMS on input line 568.
\macc@depth=\count98
\c@MaxMatrixCols=\count99
\dotsspace@=\muskip11
\c@parentequation=\count100
\dspbrk@lvl=\count101
\tag@help=\toks18
\row@=\count102
\column@=\count103
\maxfields@=\count104
\andhelp@=\toks19
\eqnshift@=\dimen105
\alignsep@=\dimen106
\tagshift@=\dimen107
\tagwidth@=\dimen108
\totwidth@=\dimen109
\lineht@=\dimen110
\@envbody=\toks20
\multlinegap=\skip46
\multlinetaggap=\skip47
\mathdisplay@stack=\toks21
LaTeX Info: Redefining \[ on input line 2666.
LaTeX Info: Redefining \] on input line 2667.
)

Class revtex4 Warning: No Society specified, using generic APS style.

(/usr/share/texmf-texlive/tex/latex/revtex/aps.rtx
File: aps.rtx 2001/08/02 v4.0 (http://publish.aps.org/revtex4/ for documentatio
n)
)
(/usr/share/texmf-texlive/tex/latex/revtex/10pt.rtx
File: 10pt.rtx 2001/08/02 v4.0 (http://publish.aps.org/revtex4/ for documentati
on)
)
(/usr/share/texmf-texlive/tex/latex/graphics/graphicx.sty
Package: graphicx 1999/02/16 v1.0f Enhanced LaTeX Graphics (DPC,SPQR)

(/usr/share/texmf-texlive/tex/latex/graphics/keyval.sty
Package: keyval 1999/03/16 v1.13 key=value parser (DPC)
\KV@toks@=\toks22
)
(/usr/share/texmf-texlive/tex/latex/graphics/graphics.sty
Package: graphics 2006/02/20 v1.0o Standard LaTeX Graphics (DPC,SPQR)

(/usr/share/texmf-texlive/tex/latex/graphics/trig.sty
Package: trig 1999/03/16 v1.09 sin cos tan (DPC)
)
(/etc/texmf/tex/latex/config/graphics.cfg
File: graphics.cfg 2007/01/18 v1.5 graphics configuration of teTeX/TeXLive
)
Package graphics Info: Driver file: dvips.def on input line 90.

(/usr/share/texmf-texlive/tex/latex/graphics/dvips.def
File: dvips.def 1999/02/16 v3.0i Driver-dependant file (DPC,SPQR)
))
\Gin@req@height=\dimen111
\Gin@req@width=\dimen112
)
(/usr/share/texmf-texlive/tex/latex/acronym/acronym.sty
Package: acronym 2006/06/26 v1.26 Support for acronyms (Tobias Oetiker)

(/usr/share/texmf-texlive/tex/latex/bigfoot/suffix.sty
Package: suffix 2006/07/15 1.5 Variant command support
)
\clearlist=\toks23
)
(/usr/share/texmf-texlive/tex/latex/tools/xspace.sty
Package: xspace 2006/05/08 v1.12 Space after command names (DPC,MH)
)
(/usr/share/texmf-texlive/tex/latex/tools/longtable.sty
Package: longtable 2004/02/01 v4.11 Multi-page Table package (DPC)
\LTleft=\skip48
\LTright=\skip49
\LTpre=\skip50
\LTpost=\skip51
\LTchunksize=\count105
\LTcapwidth=\dimen113
\LT@head=\box36
\LT@firsthead=\box37
\LT@foot=\box38
\LT@lastfoot=\box39
\LT@cols=\count106
\LT@rows=\count107
\c@LT@tables=\count108
\c@LT@chunks=\count109
\LT@p@ftn=\toks24
)
(/usr/share/texmf-texlive/tex/latex/graphics/epsfig.sty
Package: epsfig 1999/02/16 v1.7a (e)psfig emulation (SPQR)
\epsfxsize=\dimen114
\epsfysize=\dimen115
)
(/usr/share/texmf-texlive/tex/latex/subfig/subfig.sty
Package: subfig 2005/06/28 ver: 1.3 subfig package

(/usr/share/texmf-texlive/tex/latex/caption/caption.sty
Package: caption 2007/01/07 v3.0k Customising captions (AR)

(/usr/share/texmf-texlive/tex/latex/caption/caption3.sty
Package: caption3 2007/01/07 v3.0k caption3 kernel (AR)
\captionmargin=\dimen116
\captionmarginx=\dimen117
\captionwidth=\dimen118
\captionindent=\dimen119
\captionparindent=\dimen120
\captionhangindent=\dimen121
)
Package caption Info: longtable package v3.15 (or newer) detected on input line
 359.
)
\c@KVtest=\count110
\sf@farskip=\skip52
\sf@captopadj=\dimen122
\sf@capskip=\skip53
\sf@nearskip=\skip54
\c@subfigure=\count111
\c@subfigure@save=\count112
\c@lofdepth=\count113
\c@subtable=\count114
\c@subtable@save=\count115
\c@lotdepth=\count116
\sf@top=\skip55
\sf@bottom=\skip56
) (./Commands.tex)
(./particleidentification_only.aux)
\openout1 = `particleidentification_only.aux'.

LaTeX Font Info:    Checking defaults for OML/cmm/m/it on input line 18.
LaTeX Font Info:    ... okay on input line 18.
LaTeX Font Info:    Checking defaults for T1/cmr/m/n on input line 18.
LaTeX Font Info:    ... okay on input line 18.
LaTeX Font Info:    Checking defaults for OT1/cmr/m/n on input line 18.
LaTeX Font Info:    ... okay on input line 18.
LaTeX Font Info:    Checking defaults for OMS/cmsy/m/n on input line 18.
LaTeX Font Info:    ... okay on input line 18.
LaTeX Font Info:    Checking defaults for OMX/cmex/m/n on input line 18.
LaTeX Font Info:    ... okay on input line 18.
LaTeX Font Info:    Checking defaults for U/cmr/m/n on input line 18.
LaTeX Font Info:    ... okay on input line 18.
Class revtex4 Info: Patching LaTeX tabular. on input line 18.
Class revtex4 Info: Patching unrecognized longtable package. (Proceeding with f
ingers crossed) on input line 18.
Class revtex4 Info: cite was not loaded (OK!) on input line 18.
Class revtex4 Info: multicol was not loaded (OK!) on input line 18.

(/usr/share/texmf-texlive/tex/latex/ragged2e/ragged2e.sty
Package: ragged2e 2003/03/25 v2.04 ragged2e Package (MS)

(/usr/share/texmf-texlive/tex/latex/everysel/everysel.sty
Package: everysel 1999/06/08 v1.03 EverySelectfont Package (MS)
LaTeX Info: Redefining \selectfont on input line 125.
)
\CenteringLeftskip=\skip57
\RaggedLeftLeftskip=\skip58
\RaggedRightLeftskip=\skip59
\CenteringRightskip=\skip60
\RaggedLeftRightskip=\skip61
\RaggedRightRightskip=\skip62
\CenteringParfillskip=\skip63
\RaggedLeftParfillskip=\skip64
\RaggedRightParfillskip=\skip65
\JustifyingParfillskip=\skip66
\CenteringParindent=\skip67
\RaggedLeftParindent=\skip68
\RaggedRightParindent=\skip69
\JustifyingParindent=\skip70
)
Package caption Info: subref 1.2 or 1.3 detected on input line 18.
LaTeX Info: Redefining \subref on input line 18.

(./particleidentification.tex
LaTeX Font Info:    Try loading font information for U+msa on input line 32.

(/usr/share/texmf-texlive/tex/latex/amsfonts/umsa.fd
File: umsa.fd 2002/01/19 v2.2g AMS font definitions
)
LaTeX Font Info:    Try loading font information for U+msb on input line 32.

(/usr/share/texmf-texlive/tex/latex/amsfonts/umsb.fd
File: umsb.fd 2002/01/19 v2.2g AMS font definitions
)
File: /home/madscientistgirl/HarrisLab/Thesis/latex/analysis/v0geometriccuts.ep
s Graphic file (type eps)

</home/madscientistgirl/HarrisLab/Thesis/latex/analysis/v0geometriccuts.eps>
[1]
File: /home/madscientistgirl/HarrisLab/Thesis/latex/analysis/geoCuts/V0s/Plots/
LambdaDcaDaughtersPt10_15_cent1.eps Graphic file (type eps)

</home/madscientistgirl/HarrisLab/Thesis/latex/analysis/geoCuts/V0s/Plots/Lambd
aDcaDaughtersPt10_15_cent1.eps>
File: /home/madscientistgirl/HarrisLab/Thesis/latex/analysis/geoCuts/V0s/Plots/
AntiLambdaDcaDaughtersPt10_15_cent1.eps Graphic file (type eps)

</home/madscientistgirl/HarrisLab/Thesis/latex/analysis/geoCuts/V0s/Plots/AntiL
ambdaDcaDaughtersPt10_15_cent1.eps>
File: /home/madscientistgirl/HarrisLab/Thesis/latex/analysis/geoCuts/V0s/Plots/
K0DcaDaughtersPt10_15_cent1.eps Graphic file (type eps)

</home/madscientistgirl/HarrisLab/Thesis/latex/analysis/geoCuts/V0s/Plots/K0Dca
DaughtersPt10_15_cent1.eps>
File: /home/madscientistgirl/HarrisLab/Thesis/latex/analysis/geoCuts/V0s/Plots/
LambdaDcaV0ToPVPt10_15_cent1.eps Graphic file (type eps)

</home/madscientistgirl/HarrisLab/Thesis/latex/analysis/geoCuts/V0s/Plots/Lambd
aDcaV0ToPVPt10_15_cent1.eps>
File: /home/madscientistgirl/HarrisLab/Thesis/latex/analysis/geoCuts/V0s/Plots/
AntiLambdaDcaV0ToPVPt10_15_cent1.eps Graphic file (type eps)

</home/madscientistgirl/HarrisLab/Thesis/latex/analysis/geoCuts/V0s/Plots/AntiL
ambdaDcaV0ToPVPt10_15_cent1.eps>
File: /home/madscientistgirl/HarrisLab/Thesis/latex/analysis/geoCuts/V0s/Plots/
K0DcaV0ToPVPt10_15_cent1.eps Graphic file (type eps)

</home/madscientistgirl/HarrisLab/Thesis/latex/analysis/geoCuts/V0s/Plots/K0Dca
V0ToPVPt10_15_cent1.eps> [2]
File: /home/madscientistgirl/HarrisLab/Thesis/latex/analysis/geoCuts/V0s/Plots/
K0DcaV0ToPVPt2_4_cent1.eps Graphic file (type eps)

</home/madscientistgirl/HarrisLab/Thesis/latex/analysis/geoCuts/V0s/Plots/K0Dca
V0ToPVPt2_4_cent1.eps>
File: /home/madscientistgirl/HarrisLab/Thesis/latex/analysis/geoCuts/V0s/Plots/
K0DcaV0ToPVPt4_6_cent1.eps Graphic file (type eps)

</home/madscientistgirl/HarrisLab/Thesis/latex/analysis/geoCuts/V0s/Plots/K0Dca
V0ToPVPt4_6_cent1.eps>
File: /home/madscientistgirl/HarrisLab/Thesis/latex/analysis/geoCuts/V0s/Plots/
K0DcaV0ToPVPt6_8_cent1.eps Graphic file (type eps)

</home/madscientistgirl/HarrisLab/Thesis/latex/analysis/geoCuts/V0s/Plots/K0Dca
V0ToPVPt6_8_cent1.eps>
File: /home/madscientistgirl/HarrisLab/Thesis/latex/analysis/geoCuts/V0s/Plots/
K0DcaV0ToPVPt8_10_cent1.eps Graphic file (type eps)

</home/madscientistgirl/HarrisLab/Thesis/latex/analysis/geoCuts/V0s/Plots/K0Dca
V0ToPVPt8_10_cent1.eps>
File: /home/madscientistgirl/HarrisLab/Thesis/latex/analysis/geoCuts/V0s/Plots/
K0DcaV0ToPVPt10_15_cent1.eps Graphic file (type eps)

</home/madscientistgirl/HarrisLab/Thesis/latex/analysis/geoCuts/V0s/Plots/K0Dca
V0ToPVPt10_15_cent1.eps>
File: /home/madscientistgirl/HarrisLab/Thesis/latex/analysis/geoCuts/V0s/Plots/
K0DcaV0ToPVPt15_20_cent1.eps Graphic file (type eps)

</home/madscientistgirl/HarrisLab/Thesis/latex/analysis/geoCuts/V0s/Plots/K0Dca
V0ToPVPt15_20_cent1.eps>
File: /home/madscientistgirl/HarrisLab/Thesis/latex/analysis/geoCuts/V0s/Plots/
K0DcaV0ToPVPt20_25_cent1.eps Graphic file (type eps)

</home/madscientistgirl/HarrisLab/Thesis/latex/analysis/geoCuts/V0s/Plots/K0Dca
V0ToPVPt20_25_cent1.eps>
File: /home/madscientistgirl/HarrisLab/Thesis/latex/analysis/geoCuts/V0s/Plots/
K0DcaV0ToPVPt25_30_cent1.eps Graphic file (type eps)

</home/madscientistgirl/HarrisLab/Thesis/latex/analysis/geoCuts/V0s/Plots/K0Dca
V0ToPVPt25_30_cent1.eps>
File: /home/madscientistgirl/HarrisLab/Thesis/latex/analysis/geoCuts/V0s/Plots/
LambdaDcaPosToPVPt10_15_cent1.eps Graphic file (type eps)

</home/madscientistgirl/HarrisLab/Thesis/latex/analysis/geoCuts/V0s/Plots/Lambd
aDcaPosToPVPt10_15_cent1.eps>
File: /home/madscientistgirl/HarrisLab/Thesis/latex/analysis/geoCuts/V0s/Plots/
AntiLambdaDcaPosToPVPt10_15_cent1.eps Graphic file (type eps)

</home/madscientistgirl/HarrisLab/Thesis/latex/analysis/geoCuts/V0s/Plots/AntiL
ambdaDcaPosToPVPt10_15_cent1.eps>
File: /home/madscientistgirl/HarrisLab/Thesis/latex/analysis/geoCuts/V0s/Plots/
K0DcaPosToPVPt10_15_cent1.eps Graphic file (type eps)

</home/madscientistgirl/HarrisLab/Thesis/latex/analysis/geoCuts/V0s/Plots/K0Dca
PosToPVPt10_15_cent1.eps>
File: /home/madscientistgirl/HarrisLab/Thesis/latex/analysis/geoCuts/V0s/Plots/
LambdaDcaNegToPVPt10_15_cent1.eps Graphic file (type eps)

</home/madscientistgirl/HarrisLab/Thesis/latex/analysis/geoCuts/V0s/Plots/Lambd
aDcaNegToPVPt10_15_cent1.eps>
File: /home/madscientistgirl/HarrisLab/Thesis/latex/analysis/geoCuts/V0s/Plots/
AntiLambdaDcaNegToPVPt10_15_cent1.eps Graphic file (type eps)

</home/madscientistgirl/HarrisLab/Thesis/latex/analysis/geoCuts/V0s/Plots/AntiL
ambdaDcaNegToPVPt10_15_cent1.eps>
File: /home/madscientistgirl/HarrisLab/Thesis/latex/analysis/geoCuts/V0s/Plots/
K0DcaNegToPVPt10_15_cent1.eps Graphic file (type eps)

</home/madscientistgirl/HarrisLab/Thesis/latex/analysis/geoCuts/V0s/Plots/K0Dca
NegToPVPt10_15_cent1.eps>
File: /home/madscientistgirl/HarrisLab/Thesis/latex/analysis/geoCuts/V0s/Plots/
LambdaDecayLengthPt10_15_cent1.eps Graphic file (type eps)

</home/madscientistgirl/HarrisLab/Thesis/latex/analysis/geoCuts/V0s/Plots/Lambd
aDecayLengthPt10_15_cent1.eps>
File: /home/madscientistgirl/HarrisLab/Thesis/latex/analysis/geoCuts/V0s/Plots/
AntiLambdaDecayLengthPt10_15_cent1.eps Graphic file (type eps)

</home/madscientistgirl/HarrisLab/Thesis/latex/analysis/geoCuts/V0s/Plots/AntiL
ambdaDecayLengthPt10_15_cent1.eps>
File: /home/madscientistgirl/HarrisLab/Thesis/latex/analysis/geoCuts/V0s/Plots/
K0DecayLengthPt10_15_cent1.eps Graphic file (type eps)

</home/madscientistgirl/HarrisLab/Thesis/latex/analysis/geoCuts/V0s/Plots/K0Dec
ayLengthPt10_15_cent1.eps> [3]
File: /home/madscientistgirl/HarrisLab/Thesis/latex/analysis/TPCdEdx.eps Graphi
c file (type eps)

</home/madscientistgirl/HarrisLab/Thesis/latex/analysis/TPCdEdx.eps>
File: /home/madscientistgirl/HarrisLab/Thesis/latex/analysis/geoCuts/V0s/Plots/
LambdaNSigmaNegPt4_6_cent1.eps Graphic file (type eps)

</home/madscientistgirl/HarrisLab/Thesis/latex/analysis/geoCuts/V0s/Plots/Lambd
aNSigmaNegPt4_6_cent1.eps>
File: /home/madscientistgirl/HarrisLab/Thesis/latex/analysis/geoCuts/V0s/Plots/
LambdaNSigmaNegPt6_8_cent1.eps Graphic file (type eps)

</home/madscientistgirl/HarrisLab/Thesis/latex/analysis/geoCuts/V0s/Plots/Lambd
aNSigmaNegPt6_8_cent1.eps>
File: /home/madscientistgirl/HarrisLab/Thesis/latex/analysis/geoCuts/V0s/Plots/
LambdaNSigmaNegPt8_10_cent1.eps Graphic file (type eps)

</home/madscientistgirl/HarrisLab/Thesis/latex/analysis/geoCuts/V0s/Plots/Lambd
aNSigmaNegPt8_10_cent1.eps>
File: /home/madscientistgirl/HarrisLab/Thesis/latex/analysis/geoCuts/V0s/Plots/
LambdaNSigmaNegPt10_15_cent1.eps Graphic file (type eps)

</home/madscientistgirl/HarrisLab/Thesis/latex/analysis/geoCuts/V0s/Plots/Lambd
aNSigmaNegPt10_15_cent1.eps>
File: /home/madscientistgirl/HarrisLab/Thesis/latex/analysis/geoCuts/V0s/Plots/
LambdaNSigmaNegPt15_20_cent1.eps Graphic file (type eps)

</home/madscientistgirl/HarrisLab/Thesis/latex/analysis/geoCuts/V0s/Plots/Lambd
aNSigmaNegPt15_20_cent1.eps>
File: /home/madscientistgirl/HarrisLab/Thesis/latex/analysis/geoCuts/V0s/Plots/
LambdaNSigmaNegPt20_25_cent1.eps Graphic file (type eps)

</home/madscientistgirl/HarrisLab/Thesis/latex/analysis/geoCuts/V0s/Plots/Lambd
aNSigmaNegPt20_25_cent1.eps>
File: /home/madscientistgirl/HarrisLab/Thesis/latex/analysis/geoCuts/V0s/Plots/
LambdaNSigmaNegPt25_30_cent1.eps Graphic file (type eps)

</home/madscientistgirl/HarrisLab/Thesis/latex/analysis/geoCuts/V0s/Plots/Lambd
aNSigmaNegPt25_30_cent1.eps>
File: /home/madscientistgirl/HarrisLab/Thesis/latex/analysis/geoCuts/V0s/Plots/
LambdaNSigmaNegPt30_35_cent1.eps Graphic file (type eps)

</home/madscientistgirl/HarrisLab/Thesis/latex/analysis/geoCuts/V0s/Plots/Lambd
aNSigmaNegPt30_35_cent1.eps>
File: /home/madscientistgirl/HarrisLab/Thesis/latex/analysis/geoCuts/V0s/Plots/
LambdaNSigmaPosPt4_6_cent1.eps Graphic file (type eps)

</home/madscientistgirl/HarrisLab/Thesis/latex/analysis/geoCuts/V0s/Plots/Lambd
aNSigmaPosPt4_6_cent1.eps>
File: /home/madscientistgirl/HarrisLab/Thesis/latex/analysis/geoCuts/V0s/Plots/
LambdaNSigmaPosPt6_8_cent1.eps Graphic file (type eps)

</home/madscientistgirl/HarrisLab/Thesis/latex/analysis/geoCuts/V0s/Plots/Lambd
aNSigmaPosPt6_8_cent1.eps>
File: /home/madscientistgirl/HarrisLab/Thesis/latex/analysis/geoCuts/V0s/Plots/
LambdaNSigmaPosPt8_10_cent1.eps Graphic file (type eps)

</home/madscientistgirl/HarrisLab/Thesis/latex/analysis/geoCuts/V0s/Plots/Lambd
aNSigmaPosPt8_10_cent1.eps>
File: /home/madscientistgirl/HarrisLab/Thesis/latex/analysis/geoCuts/V0s/Plots/
LambdaNSigmaPosPt10_15_cent1.eps Graphic file (type eps)

</home/madscientistgirl/HarrisLab/Thesis/latex/analysis/geoCuts/V0s/Plots/Lambd
aNSigmaPosPt10_15_cent1.eps>
File: /home/madscientistgirl/HarrisLab/Thesis/latex/analysis/geoCuts/V0s/Plots/
LambdaNSigmaPosPt15_20_cent1.eps Graphic file (type eps)

</home/madscientistgirl/HarrisLab/Thesis/latex/analysis/geoCuts/V0s/Plots/Lambd
aNSigmaPosPt15_20_cent1.eps>
File: /home/madscientistgirl/HarrisLab/Thesis/latex/analysis/geoCuts/V0s/Plots/
LambdaNSigmaPosPt20_25_cent1.eps Graphic file (type eps)

</home/madscientistgirl/HarrisLab/Thesis/latex/analysis/geoCuts/V0s/Plots/Lambd
aNSigmaPosPt20_25_cent1.eps>
File: /home/madscientistgirl/HarrisLab/Thesis/latex/analysis/geoCuts/V0s/Plots/
LambdaNSigmaPosPt25_30_cent1.eps Graphic file (type eps)

</home/madscientistgirl/HarrisLab/Thesis/latex/analysis/geoCuts/V0s/Plots/Lambd
aNSigmaPosPt25_30_cent1.eps>
File: /home/madscientistgirl/HarrisLab/Thesis/latex/analysis/geoCuts/V0s/Plots/
LambdaNSigmaPosPt30_35_cent1.eps Graphic file (type eps)

</home/madscientistgirl/HarrisLab/Thesis/latex/analysis/geoCuts/V0s/Plots/Lambd
aNSigmaPosPt30_35_cent1.eps>

LaTeX Warning: Reference `geocutsappendix' on page 4 undefined on input line 21
8.

[4] [5]
File: /home/madscientistgirl/HarrisLab/Thesis/latex/analysis/geoCuts/LambdaWidt
h.eps Graphic file (type eps)

</home/madscientistgirl/HarrisLab/Thesis/latex/analysis/geoCuts/LambdaWidth.eps
>
File: /home/madscientistgirl/HarrisLab/Thesis/latex/analysis/geoCuts/AntiLambda
Width.eps Graphic file (type eps)

</home/madscientistgirl/HarrisLab/Thesis/latex/analysis/geoCuts/AntiLambdaWidth
.eps>
File: /home/madscientistgirl/HarrisLab/Thesis/latex/analysis/geoCuts/K0Width.ep
s Graphic file (type eps)

</home/madscientistgirl/HarrisLab/Thesis/latex/analysis/geoCuts/K0Width.eps>
File: /home/madscientistgirl/HarrisLab/Thesis/latex/analysis/geoCuts/LambdaCent
er.eps Graphic file (type eps)

</home/madscientistgirl/HarrisLab/Thesis/latex/analysis/geoCuts/LambdaCenter.ep
s>
File: /home/madscientistgirl/HarrisLab/Thesis/latex/analysis/geoCuts/AntiLambda
Center.eps Graphic file (type eps)

</home/madscientistgirl/HarrisLab/Thesis/latex/analysis/geoCuts/AntiLambdaCente
r.eps>
File: /home/madscientistgirl/HarrisLab/Thesis/latex/analysis/geoCuts/K0Center.e
ps Graphic file (type eps)

</home/madscientistgirl/HarrisLab/Thesis/latex/analysis/geoCuts/K0Center.eps>
File: /home/madscientistgirl/HarrisLab/Thesis/latex/analysis/geoCuts/LambdaPuri
ty.eps Graphic file (type eps)

</home/madscientistgirl/HarrisLab/Thesis/latex/analysis/geoCuts/LambdaPurity.ep
s>
File: /home/madscientistgirl/HarrisLab/Thesis/latex/analysis/geoCuts/AntiLambda
Purity.eps Graphic file (type eps)

</home/madscientistgirl/HarrisLab/Thesis/latex/analysis/geoCuts/AntiLambdaPurit
y.eps>
File: /home/madscientistgirl/HarrisLab/Thesis/latex/analysis/geoCuts/K0Purity.e
ps Graphic file (type eps)

</home/madscientistgirl/HarrisLab/Thesis/latex/analysis/geoCuts/K0Purity.eps>

LaTeX Warning: Reference `efficiencyappendix' on page 6 undefined on input line
 254.

[6]) (./particleidentification_only.bbl) [7] (./particleidentification_only.aux
)

LaTeX Warning: There were undefined references.

 ) 
Here is how much of TeX's memory you used:
 4005 strings out of 94102
 57331 string characters out of 1165833
 121792 words of memory out of 1500000
 7187 multiletter control sequences out of 10000+50000
 9411 words of font info for 37 fonts, out of 1200000 for 2000
 637 hyphenation exceptions out of 8191
 43i,14n,43p,1858b,325s stack positions out of 5000i,500n,6000p,200000b,5000s

Output written on particleidentification_only.dvi (7 pages, 38592 bytes).
